---
source: src/parser/section.rs
expression: header_table
---
[
    Header {
        name_idx: 0,
        name: "",
        type: Null,
        flags: [],
        addr: 0,
        offset: 0,
        size: 0,
        link: 0,
        info: 0,
        addralign: 0,
        entsize: 0,
        section_raw_data: [],
    },
    Header {
        name_idx: 27,
        name: ".text",
        type: ProgBits,
        flags: [
            Alloc,
            ExecInstr,
        ],
        addr: 0,
        offset: 64,
        size: 0,
        link: 0,
        info: 0,
        addralign: 1,
        entsize: 0,
        section_raw_data: [],
    },
    Header {
        name_idx: 33,
        name: ".data",
        type: ProgBits,
        flags: [
            Write,
            Alloc,
        ],
        addr: 0,
        offset: 64,
        size: 4,
        link: 0,
        info: 0,
        addralign: 4,
        entsize: 0,
        section_raw_data: [
            23,
            0,
            0,
            0,
        ],
    },
    Header {
        name_idx: 39,
        name: ".bss",
        type: NoBits,
        flags: [
            Write,
            Alloc,
        ],
        addr: 0,
        offset: 68,
        size: 0,
        link: 0,
        info: 0,
        addralign: 1,
        entsize: 0,
        section_raw_data: [],
    },
    Header {
        name_idx: 44,
        name: ".comment",
        type: ProgBits,
        flags: [
            Merge,
            Strings,
        ],
        addr: 0,
        offset: 68,
        size: 40,
        link: 0,
        info: 0,
        addralign: 1,
        entsize: 1,
        section_raw_data: [
            0,
            71,
            67,
            67,
            58,
            32,
            40,
            68,
            101,
            98,
            105,
            97,
            110,
            32,
            49,
            48,
            46,
            50,
            46,
            49,
            45,
            54,
            41,
            32,
            49,
            48,
            46,
            50,
            46,
            49,
            32,
            50,
            48,
            50,
            49,
            48,
            49,
            49,
            48,
            0,
        ],
    },
    Header {
        name_idx: 53,
        name: ".note.GNU-stack",
        type: ProgBits,
        flags: [],
        addr: 0,
        offset: 108,
        size: 0,
        link: 0,
        info: 0,
        addralign: 1,
        entsize: 0,
        section_raw_data: [],
    },
    Header {
        name_idx: 1,
        name: ".symtab",
        type: SymTab,
        flags: [],
        addr: 0,
        offset: 112,
        size: 216,
        link: 7,
        info: 8,
        addralign: 8,
        entsize: 24,
        section_raw_data: [
            0,
            0,
            0,
            0,
            0,
            0,
            0,
            0,
            0,
            0,
            0,
            0,
            0,
            0,
            0,
            0,
            0,
            0,
            0,
            0,
            0,
            0,
            0,
            0,
            1,
            0,
            0,
            0,
            4,
            0,
            241,
            255,
            0,
            0,
            0,
            0,
            0,
            0,
            0,
            0,
            0,
            0,
            0,
            0,
            0,
            0,
            0,
            0,
            0,
            0,
            0,
            0,
            3,
            0,
            1,
            0,
            0,
            0,
            0,
            0,
            0,
            0,
            0,
            0,
            0,
            0,
            0,
            0,
            0,
            0,
            0,
            0,
            0,
            0,
            0,
            0,
            3,
            0,
            2,
            0,
            0,
            0,
            0,
            0,
            0,
            0,
            0,
            0,
            0,
            0,
            0,
            0,
            0,
            0,
            0,
            0,
            0,
            0,
            0,
            0,
            3,
            0,
            3,
            0,
            0,
            0,
            0,
            0,
            0,
            0,
            0,
            0,
            0,
            0,
            0,
            0,
            0,
            0,
            0,
            0,
            7,
            0,
            0,
            0,
            0,
            0,
            2,
            0,
            0,
            0,
            0,
            0,
            0,
            0,
            0,
            0,
            0,
            0,
            0,
            0,
            0,
            0,
            0,
            0,
            0,
            0,
            0,
            0,
            3,
            0,
            5,
            0,
            0,
            0,
            0,
            0,
            0,
            0,
            0,
            0,
            0,
            0,
            0,
            0,
            0,
            0,
            0,
            0,
            0,
            0,
            0,
            0,
            3,
            0,
            4,
            0,
            0,
            0,
            0,
            0,
            0,
            0,
            0,
            0,
            0,
            0,
            0,
            0,
            0,
            0,
            0,
            0,
            10,
            0,
            0,
            0,
            17,
            0,
            2,
            0,
            0,
            0,
            0,
            0,
            0,
            0,
            0,
            0,
            4,
            0,
            0,
            0,
            0,
            0,
            0,
            0,
        ],
    },
    Header {
        name_idx: 9,
        name: ".strtab",
        type: StrTab,
        flags: [],
        addr: 0,
        offset: 328,
        size: 12,
        link: 0,
        info: 0,
        addralign: 1,
        entsize: 0,
        section_raw_data: [
            0,
            115,
            117,
            98,
            46,
            99,
            0,
            36,
            100,
            0,
            120,
            0,
        ],
    },
    Header {
        name_idx: 17,
        name: ".shstrtab",
        type: StrTab,
        flags: [],
        addr: 0,
        offset: 340,
        size: 69,
        link: 0,
        info: 0,
        addralign: 1,
        entsize: 0,
        section_raw_data: [
            0,
            46,
            115,
            121,
            109,
            116,
            97,
            98,
            0,
            46,
            115,
            116,
            114,
            116,
            97,
            98,
            0,
            46,
            115,
            104,
            115,
            116,
            114,
            116,
            97,
            98,
            0,
            46,
            116,
            101,
            120,
            116,
            0,
            46,
            100,
            97,
            116,
            97,
            0,
            46,
            98,
            115,
            115,
            0,
            46,
            99,
            111,
            109,
            109,
            101,
            110,
            116,
            0,
            46,
            110,
            111,
            116,
            101,
            46,
            71,
            78,
            85,
            45,
            115,
            116,
            97,
            99,
            107,
            0,
        ],
    },
]
